{
  "size": 32,
  "frame-count": 4,
  "speed-in-ms": 100,
  "frames": {
    "0": "AAAAAAAAAAAAAAAAAAAAAAAAAAAAAAAAAAAAAAAAAAAAAAAAAAAAAAAAAAAAAAAAAAAAAAAAAAAAAAAAAAAAAAAAAAAAAAAAAAAAAAAAAAAAAAAAAAAAAAAAAAAAAAAAAAAAAAAAAAAAAAAAAAAAAAAAAAAAAAAAAAAAAAAAAAAAAAAAAAAAAAAAAAAAAAAAAAAAAAAAAAAAAAAAAAAAAAAAAAAAAAAAAAAAAAAAAAAAAAAAAAAAAAAAAAAAAAAAAAAAAAAAAAAAAAAAAAAAAAAAAAAAAAAAAAAAAAAAAAAAAAAAAAAAAAAAAAAAAAAAAAAAAAAAAAAAAAAAAAAAAAAAAAAAAAAAAAAAAAAAAAAAAAAAAAAAAAAAAAAAAAAAAAAAAAAAAAAAAAAAAAAAAAAAAAAAAAAAAAAAAAAAAAAAAAAAAAAAAAAAAAAAAAAAAAAAAAAAAAAAAAAAAAAAAAAAAAAAAAAAAAAAAAAAAAAAAAAAAAAAAAAAAAAAAAAAAAAAAAAAAAAAAAAAAAAAAAAAAAAAAAAAAAAAAAAAAAAAAAAAAAAAAAAAAAAAAAAAAAAAAAAAAAAAAAAAAAAAAAAAAAAAAAAAAAAAAAAAAAAAAAAAAAAAAAAAAAAAAAAAAAAAAAAAAAAAAAAAAAAAAAAAAAAAAAAAAAAAAAAAAAAAAAAAAAAAAAAAAAAAAAAAAAAAAAAAAAAAAAAAAAAAAAAAAAAAAAAAAAAAAAAAAAAAAAAAAAAAAAAAAAAAAAAAAAAAAAAAAAAAAAAAAAAAAAAAAAAAAAAAAAAAAAAAAAAAAAAAAAAAAAAAAAAAAAAAAAAAAAAAAAAAAAAAAAAAAAAAAAAAAAAAAAAAAAAAAAAAAAAAAAAAAAAAAAAAAAAAAAAAAAAAAAAAAAAAAAAAAAAAAAAAAAAAAAAAAAAAAAAAAAAAAAAAAAAAAAAAAAAAAAAAAAAAAAAAAAAAAAAAAAAAAAAAAAAAAAAAAAAAAAAAAAAAAAAAAAAAAAAAAAAAAAAAAAAAAAAAAAAAAAAAAAAAAAAAAAAAAAAAAAAAAAAAAAAAAAAAAAAAAAAAAAAAAAAAAAAAAAAAAAAAAAAAAAAAAAAAAAAAAAAAAAAAAAAAAAAAAAAAAAAAAAAAAAAAAAAAAAAAAAAAAAAAAAAAAAAAAAAAAAAAAAAAAAAAAAAAAAAAAAAAAAAAAAAAAAAAAAAAAAAAAAAAAAAAAAAAAAAAAAAAAAAAAAAAAAAAAAAAAAAAAAAAAAAAAAAAAAAAAAAAAAAAAAAAAAAAAAAAAAAAAAAAAAAAAAAAAAAAAAAAAAAAAAAA4ZjC4ZjC4ZjC4ZjC4ZjC4ZjC4ZjC4ZjCAAAAAAAAAAAAAAAAAAAAAAAAAAAAAAAAAAAAAAAAAAAAAAAAAAAAAAAAAAAAAAAAAAAAAAAAAAAAAAAAAAAARbTnRbTnAAAA5JfB4ZjC4ZjC4ZjC4ZjC4ZjC4ZjC4ZjCAAAAAAAAAAAAAAAAAAAAAAAAAAAAAAAAAAAAAAAAAAAAAAAAAAAAAAAAAAAAAAAAAAAAAAAAAAAAAAAAAAAARbTnRbTnAAAAAAAAAAAAAAAAAAAAAAAAAAAA4ZjC4ZjCAAAAAAAAAAAAAAAAAAAAAAAAAAAAAAAAAAAAAAAAAAAAAAAAAAAAAAAAAAAAAAAAAAAAAAAAAAAAAAAAAAAARbTnRbTnAAAAAAAAAAAAAAAAAAAAAAAAAAAA4ZjC4ZjCAAAAAAAAAAAAAAAAAAAAAAAAAAAAAAAAAAAAAAAAAAAAAAAAAAAAAAAAAAAAAAAAAAAAAAAAAAAAAAAAAAAARbTnRbTnAAAAAAAAAAAAAAAAAAAAAAAAAAAA4ZjC4ZjCAAAAAAAAAAAAAAAAAAAAAAAAAAAAAAAAAAAAAAAAAAAAAAAAAAAAAAAAAAAAAAAAAAAAAAAAAAAAAAAAAAAARbTnRbTnAAAAAAAAAAAAAAAAAAAAAAAAAAAAAAAAAAAAAAAAAAAAAAAAAAAAAAAAAAAAAAAAAAAAAAAAAAAAAAAAAAAAAAAAAAAAAAAAAAAAAAAAAAAAAAAAAAAAAAAARbTnRbTnAAAAAAAAAAAAAAAAAAAAAAAAAAAAAAAAAAAAAAAAAAAAAAAAAAAAAAAAAAAAAAAAAAAAAAAAAAAAAAAAAAAAAAAAAAAAAAAAAAAAAAAAAAAAAAAAAAAAAAAARbTnRbTnAAAAAAAAAAAAAAAAAAAAAAAA46OX46OXAAAAAAAAAAAAAAAAAAAAAAAAAAAAAAAAAAAAAAAAAAAAAAAAAAAAAAAAAAAAAAAAAAAAAAAAAAAAAAAAAAAAAAAARbTnRbTnAAAAAAAAAAAAAAAAAAAAAAAA46OX46OXAAAAAAAAAAAAAAAAAAAAAAAAAAAAAAAAAAAAAAAAAAAAAAAAAAAAAAAAAAAAAAAAAAAAAAAAAAAAAAAAAAAAAAAARbTnRbTnAAAAAAAAAAAAAAAAAAAAAAAA46OX46OXAAAAAAAAAAAAAAAAAAAAAAAAAAAAAAAAAAAAAAAAAAAAAAAAAAAAAAAAAAAAAAAAAAAAAAAAAAAAAAAAAAAAAAAARbTnRbTnAAAAAAAAAAAA46OX46OXAAAA46OX46OX46OX46OX46OXAAAAAAAAAAAAAAAAAAAAAAAAAAAAAAAAAAAAAAAAAAAAAAAAAAAAAAAAAAAAAAAAAAAAAAAAAAAARbTnRbTnAAAAAAAAAAAA46OX46OX46OX46OX46OX46OX46OX46OXAAAAAAAAAAAAAAAAAAAAAAAAAAAAAAAAAAAAAAAAAAAAAAAAAAAAAAAAAAAAAAAAAAAAAAAAAAAAAAAAAAAAAAAAAAAAAAAAAAAAAAAAAAAAAAAAAAAAAAAA46OXAAAAAAAAAAAAAAAAAAAAAAAAAAAAAAAAAAAAAAAAAAAAAAAAAAAAAAAAAAAAAAAAAAAAAAAAAAAAAAAAAAAAAAAAAAAAAAAAAAAAAAAAAAAAAAAAAAAAAAAAAAAAAAAAAAAAAAAAAAAAAAAAAAAAAAAAAAAAAAAAAAAAAAAAAAAAAAAAAAAAAAAAAAAAAAAAAAAAAAAAAAAAAAAAAAAAAAAAAAAAAAAAAAAAAAAAAAAAAAAAAAAAAAAAAAAAAAAAAAAAAAAAAAAAAAAAAAAAAAAAAAAAAAAAAAAAAAAAAAAAAAAAAAAAAAAAAAAAAAAAAAAAAAAAAAAAAAAAAAAAAAAAAAAAAAAAAAAAAAAAAAAAAAAAAAAAAAAAAAAAAAAAAAAAAAAAAAAAAAAAAAAAAAAAAAAAAAAAAAAAAAAAAAAAAAAAAAAAAAAAAAAAAAAAAAAAAAAAAAAAAAAAAAAAAAAAAAAAAAAAAAAAAAAAAAAAAAAAAAAAAAAAAAAAAAAAAAAAAAAAAAAAAAAAAAAAAAAAAAAAAAAAAAAAAAAAAAAAAAAAAAAAAAAAAAAAAAAAAAAAAAAAAAAAAAAAAAAAAAAAAAAAAAAAAAAAAAAAAAAAAAAAAAAAAAAAAAAAAAAAAAAAAAAAAAAAAAAAAAAAAAAAAAAAAAAAAAAAAAAAAAAAAAAAAAAAAAAAAAAAAAAAAAAAAAAAAAAAAAAAAAAAAAAAAAAAAAAAAAAAAAAAAAAAAAAAAAAAAAAAAAAAAAAAAAAAAAAAAAAAAAAAAAAAAAAAAAAAAAAAAAAAAAAAAAAAAAAAAAAAAAAAAAAAAAAAAAAAAAAAAAAAAAAAAAAAAAAAAAAAAAAAAAAAAAAAAAAAAAAAAAAAAAAAAAAAAAAAAAAAAAAAAAAAAAAAAAAAAAAAAAAAAAAAAAAAAAAAAAAAAAAAAAAAAAAAAAAAAAAAAAAAAAAAAAAAAAAAAAAAAAAAAAAAAAAAAAAAAAAAAAAAAAAAAAAAAAAAAAAAAAAAAAAAAAAAAAAAAAAAAAAAAAAAAAAAAAAAAAAAAAAAAAAAAAAAAAAAAAAAAAAAAAAAAAAAAAAAAAAAAAAAAAAAAAAAAAAAAAAAAAAAAAAAAAAAAAAAAAAAAAAAAAAAAAAAAAAAAAAAAAAAAAAAAAAAAAAAAAAAAAAAAAAAAAAA",
    "1": "AAAAAAAAAAAAAAAAAAAAAAAAAAAAAAAAAAAAAAAAAAAAAAAAAAAAAAAAAAAAAAAAAAAAAAAAAAAAAAAAAAAAAAAAAAAAAAAAAAAAAAAAAAAAAAAAAAAAAAAAAAAAAAAAAAAAAAAAAAAAAAAAAAAAAAAAAAAAAAAAAAAAAAAAAAAAAAAAAAAAAAAAAAAAAAAAAAAAAAAAAAAAAAAAAAAAAAAAAAAAAAAAAAAAAAAAAAAAAAAAAAAAAAAAAAAAAAAAAAAAAAAAAAAAAAAAAAAAAAAAAAAAAAAAAAAAAAAAAAAAAAAAAAAAAAAAAAAAAAAAAAAAAAAAAAAAAAAAAAAAAAAAAAAAAAAAAAAAAAAAAAAAAAAAAAAAAAAAAAAAAAAAAAAAAAAAAAAAAAAAAAAAAAAAAAAAAAAAAAAADQkLKRwkOCYwNyUwNiUvNiUvNiUvNiUvNiUvNiUvNiUvNiUvNiUvNiUvNyUwOCYwKRwkDQkLAAAAAAAAAAAAAAAAAAAAAAAAAAAAAAAAAAAAAAAAAAAAAAAAAAAAAAAAKRwkgVhwr3aXrXWVq3OTq3OTq3OTq3OTq3OTq3OTq3OTq3OTq3OTq3OTrXWVr3aXgldwKRwkAAAAAAAAAAAAAAAAAAAAAAAAAAAAAAAABAoNDSEqES06ES06CR8nAAcJOCUvsneY8KHO7aDM6p7J6p7J6p7J6p7J6p7J6p7J6p7J6p7J6Z3J55zH6p7J7J/Lr3aXOCYwAAAAAAAAAAAAAAAAAAAAAAAAAAAAAAAADSEqKGiFNo62No62JGWCBx0mOCMssnWW8aHO7qDM6p7J6p7J6p7J6p7J6p7J6p7J6p7J6p7K6J3I5pvG6JzI6p7JrXWVNyUwAAAAAAAAAAAAAAAAAAAAAAAAAAAAAAAAESw5NoyzSb/1Sb/1M4qxDSo2KBceglRssXWWrnWVq3OTq3OTq3OTq3OTq3OTq3OTqnOSqXKSuHye1I+35pvG55zHq3OTNiUvAAAAAAAAAAAAAAAAAAAAAAAAAAAAAAAAESw5NYuySb7zSb7zNIqxECs3DAUGKRkgOCUwNyUvNiUvNiUvNiUvNiUvNiUvNiUvNCMtMiIrX0FSuHye6J3I6Z3Jq3OTNiUvAAAAAAAAAAAAAAAAAAAAAAAAAAAAAAAAESs4NImvSLvwSLvwNImvESw4AAAAAAAAAAAAAAAAAAAAAAAAAAAAAAAAAAAAAAAAAAAAAAAAMiIrqXKS6p7K6p7Jq3OTNiUvAAAAAAAAAAAAAAAAAAAAAAAAAAAAAAAAESs4NImvSLvwSLvwNImvESs4AAAAAAAAAAAAAAAAAAAAAAAAAAAAAAAAAAAAAAAAAAAAAAAANCMtqnOS6p7J6p7Jq3OTNiUvAAAAAAAAAAAAAAAAAAAAAAAAAAAAAAAAESs4NImvSLvwSLvwNImvESs4AAAAAAAAAAAAAAAAAAAAAAAAAAAAAAAAAAAAAAAAAAAAAAAANyUwrXWV7aDM7aDMrXWVNyUwAAAAAAAAAAAAAAAAAAAAAAAAAAAAAAAAESs4NImvSLvwSLvwNImvESs4AAAAAAAAAAAAAAAAAAAAAAAAAAAAAAAAAAAAAAAAAAAAAAAAOCYwr3aX76LO76LOr3aXOCYwAAAAAAAAAAAAAAAAAAAAAAAAAAAAAAAAESs4NImvSLvwSLvwNImvESs4AAAAAAAAAAAAAAAAAAAAAAAAAAAAAAAAAAAAAAAAAAAAAAAAKRwkgldwsXiZsXiZgldwKRwkAAAAAAAAAAAAAAAAAAAAAAAAAAAAAAAAESs4NImvSLvwSLvwNImvESs4AAAAAAAAAAAAAAAAAAAAAAAAAAAAAAAAAAAAAAAAAAAAAAAADQkLKRwkOCYxOCYxKRwkDQkLAAAAAAAAAAAAAAAAAAAAAAAAAAAAAAAAESs4NImvSLvwSLvwNImvESs4AAAAAAAAAAAAAAAAAAAAAAAAAAAAAAAAAAAAAAAAAAAAAAAAAAAAAAAAAAAAAAAAAAAAAAAAAAAAAAAAAAAAAAAAAAAAAAAAAAAAAAAAESs4NImvSLvwSLvwNImvESs4AAAAAAAAAAAAAAAAAAAAAAAAAAAAAAAAAAAAAAAAAAAAAAAAAAAAAAAAAAAAAAAAAAAAAAAAAAAAAAAAAAAAAAAAAAAAAAAAAAAAAAAAESs4NImvSLvwSLvwNImvESs4AAAAAAAAAAAAAAAAAAAAAAAAAAAAAAAAAAAAAAAADQkJKh4cOSkmOSkmKh4cDQkJAAAAAAAAAAAAAAAAAAAAAAAAAAAAAAAAAAAAAAAAESs4NImvSLvwSLvwNImvESs4AAAAAAAAAAAAAAAAAAAAAAAAAAAAAAAAAAAAAAAAKh4cg15Xs4B3s4B3g15XKh4cAAAAAAAAAAAAAAAAAAAAAAAAAAAAAAAAAAAAAAAAESs4NImvSLvwSLvwNImvESs4AAAAAAAAAAAAAAAAAAAAAAAAAAAAAAAAAAAAAAAAOCglsH918a2g8a2gsH91OCglAAAAAAAAAAAAAAAAAAAAAAAAAAAAAAAAAAAAAAAAESs4NImvSLvwSLvwNImvESs4AAAAAAAAAAAAAAAAAAAAAAAAAAAAAAAAAAAAAAAAOCglr31076yf76yfr310OCglAAAAAAAAAAAAAAAAAAAAAAAAAAAAAAAAAAAAAAAAESs4NImvSLvwSLvwNImvESs4AAAAAAAAAAAAAAAAAAAAAAAAAAAAAAAAAAAAAAAANyckrHxz7Kmd7Kmdq3tyNCYjAAAAAAAAAAAAAAAAAAAAAAAAAAAAAAAAAAAAAAAAESs4NImvSLvwSLvwNImvESs4AAAAAAAAAAAAAAAAAAAAAAAAAAAAAAAAAAAAAAAANyclrHxz7Kmd7Kmdq3tyMyQiAAAAAAAAAAAAAAAAAAAAAAAAAAAAAAAAAAAAAAAAESs4NImvSLvwSLvwNImvESs4AAAAAAAAAAAAAAAADQkJKh4cOSkmOSkmJRsZBQQEMyUiq3px66mc6qicuYV7YEVAMyQiNCYjOCglOCglKh4cDQkJAAAAAAAAAAAAAAAAESs4NImvSLvwSLvwNImvESs4AAAAAAAAAAAAAAAAKh4cg15Xs4B3s4B3flpUIBcVLyEfqHlw6aeb6Kaa1pqOuYV7q3tyq3tyr310sH91g15XKh4cAAAAAAAAAAAAAAAAESw5NYuySb7zSb7zNYuyESw5AAAAAAAAAAAAAAAAOSkms4B39K+i86+ivol/YUZAYEVAuoZ86qic6aeb6Kaa6qic66mc6aeb7aqd8K2gs4B3OSkmAAAAAAAAAAAAAAAAESw5NoyzSb/1Sb/1NoyzESw5AAAAAAAAAAAAAAAAOSkms4B38q6h8a2g3Z+Tvol/vYh+2p2R6qib6aeb6aeb66mc6qic6Kaa66mc8Kygs4B3OSkmAAAAAAAAAAAAAAAADSEqKGiFNo62No62KGiFDSEqAAAAAAAAAAAAAAAAKh4cg15XsH91r310rn1zsH91sH91rn1zrHxyrHxzq3tyq3tyu4Z82pyR3J6Sv4l/gV1WKR0bAAAAAAAAAAAAAAAABAoNDSEqES06ES06DSEqBAoNAAAAAAAAAAAAAAAADQkJKh4cOCglOCglOCglOSkmOSkmOCglNyckNyckNCUjMyQiZEhDwouBwoyBZklEJRsZCwgHAAAAAAAAAAAAAAAAAAAAAAAAAAAAAAAAAAAAAAAAAAAAAAAAAAAAAAAAAAAAAAAAAAAAAAAAAAAAAAAAAAAAAAAAAAAAAAAAAAAAAAAAKB0bhmBZhWBZKB0bAAAAAAAAAAAAAAAAAAAAAAAAAAAAAAAAAAAAAAAAAAAAAAAAAAAAAAAAAAAAAAAAAAAAAAAAAAAAAAAAAAAAAAAAAAAAAAAAAAAAAAAAAAAAAAAADAgIKh4cKh4cCwgIAAAAAAAAAAAAAAAAAAAAAAAAAAAAAAAAAAAAAAAAAAAAAAAAAAAAAAAAAAAAAAAAAAAAAAAAAAAAAAAAAAAAAAAAAAAAAAAAAAAAAAAAAAAAAAAAAAAAAAAAAAAAAAAAAAAAAAAAAAAA",
    "2": "AAAAAAAAAAAAAAAAAAAAAAAAAAAAAAAAAAAAAAAAAAAAAAAAAAAAAAAAAAAAAAAAAAAAAAAAAAAAAAAAAAAAAAAAAAAAAAAAAAAAAAAAAAAAAAAAAAAAAAAAAAAAAAAAAAAAAAAAAAAAAAAAAAAAAAAAAAAAAAAAAAAAAAAAAAAAAAAAAAAAAAAAAAAAAAAAAAAAAAAAAAAAAAAAAAAAAAAAAAAAAAAAAAAAAAAAAAAAAAAAAAAAAAAAAAAAAAAAAAAAAAAAAAAAAAAAAAAAAAAAAAAAAAAAAAAAAAAAAAAAAAAAAAAAAAAAAAAAAAAAAAAAAAAAAAAAAAAAAAAAAAAAAAAAAAAAAAAAAAAAAAAAAAAAAAAAAAAAAAAAAAAAAAAAAAAAAAAAAAAAAAAAAAAAAAAAAAAAAAAADQkLKRwkOCYwNyUwNiUvNiUvNiUvNiUvNiUvNiUvNiUvNiUvNiUvNiUvNyUwOCYwKRwkDQkLAAAAAAAAAAAAAAAAAAAAAAAAAAAAAAAAAAAAAAAAAAAAAAAAAAAAAAAAKRwkgVhwr3aXrXWVq3OTq3OTq3OTq3OTq3OTq3OTq3OTq3OTq3OTq3OTrXWVr3aXgldwKRwkAAAAAAAAAAAAAAAAAAAAAAAAAAAAAAAABAoNDSEqES06ES06CR8nAAcJOCUvsneY8KHO7aDM6p7J6p7J6p7J6p7J6p7J6p7J6p7J6p7J6Z3J55zH6p7J7J/Lr3aXOCYwAAAAAAAAAAAAAAAAAAAAAAAAAAAAAAAADSEqKGiFNo62No62JGWCBx0mOCMssnWW8aHO7qDM6p7J6p7J6p7J6p7J6p7J6p7J6p7J6p7K6J3I5pvG6JzI6p7JrXWVNyUwAAAAAAAAAAAAAAAAAAAAAAAAAAAAAAAAESw5NoyzSb/1Sb/1M4qxDSo2KBceglRssXWWrnWVq3OTq3OTq3OTq3OTq3OTq3OTqnOSqXKSuHye1I+35pvG55zHq3OTNiUvAAAAAAAAAAAAAAAAAAAAAAAAAAAAAAAAESw5NYuySb7zSb7zNIqxECs3DAUGKRkgOCUwNyUvNiUvNiUvNiUvNiUvNiUvNiUvNCMtMiIrX0FSuHye6J3I6Z3Jq3OTNiUvAAAAAAAAAAAAAAAAAAAAAAAAAAAAAAAAESs4NImvSLvwSLvwNImvESw4AAAAAAAAAAAAAAAAAAAAAAAAAAAAAAAAAAAAAAAAAAAAAAAAMiIrqXKS6p7K6p7Jq3OTNiUvAAAAAAAAAAAAAAAAAAAAAAAAAAAAAAAAESs4NImvSLvwSLvwNImvESs4AAAAAAAAAAAAAAAAAAAAAAAAAAAAAAAAAAAAAAAAAAAAAAAANCMtqnOS6p7J6p7Jq3OTNiUvAAAAAAAAAAAAAAAAAAAAAAAAAAAAAAAAESs4NImvSLvwSLvwNImvESs4AAAAAAAAAAAAAAAAAAAAAAAAAAAAAAAAAAAAAAAAAAAAAAAANyUwrXWV7aDM7aDMrXWVNyUwAAAAAAAAAAAAAAAAAAAAAAAAAAAAAAAAESs4NImvSLvwSLvwNImvESs4AAAAAAAAAAAAAAAAAAAAAAAAAAAAAAAAAAAAAAAAAAAAAAAAOCYwr3aX76LO76LOr3aXOCYwAAAAAAAAAAAAAAAAAAAAAAAAAAAAAAAAESs4NImvSLvwSLvwNImvESs4AAAAAAAAAAAAAAAAAAAAAAAAAAAAAAAAAAAAAAAAAAAAAAAAKRwkgldwsXiZsXiZgldwKRwkAAAAAAAAAAAAAAAAAAAAAAAAAAAAAAAAESs4NImvSLvwSLvwNImvESs4AAAAAAAAAAAAAAAAAAAAAAAAAAAAAAAAAAAAAAAAAAAAAAAADQkLKRwkOCYxOCYxKRwkDQkLAAAAAAAAAAAAAAAAAAAAAAAAAAAAAAAAESs4NImvSLvwSLvwNImvESs4AAAAAAAAAAAAAAAAAAAAAAAAAAAAAAAAAAAAAAAAAAAAAAAAAAAAAAAAAAAAAAAAAAAAAAAAAAAAAAAAAAAAAAAAAAAAAAAAAAAAAAAAESs4NImvSLvwSLvwNImvESs4AAAAAAAAAAAAAAAAAAAAAAAAAAAAAAAAAAAAAAAAAAAAAAAAAAAAAAAAAAAAAAAAAAAAAAAAAAAAAAAAAAAAAAAAAAAAAAAAAAAAAAAAESs4NImvSLvwSLvwNImvESs4AAAAAAAAAAAAAAAAAAAAAAAAAAAAAAAAAAAAAAAADQkJKh4cOSkmOSkmKh4cDQkJAAAAAAAAAAAAAAAAAAAAAAAAAAAAAAAAAAAAAAAAESs4NImvSLvwSLvwNImvESs4AAAAAAAAAAAAAAAAAAAAAAAAAAAAAAAAAAAAAAAAKh4cg15Xs4B3s4B3g15XKh4cAAAAAAAAAAAAAAAAAAAAAAAAAAAAAAAAAAAAAAAAESs4NImvSLvwSLvwNImvESs4AAAAAAAAAAAAAAAAAAAAAAAAAAAAAAAAAAAAAAAAOCglsH918a2g8a2gsH91OCglAAAAAAAAAAAAAAAAAAAAAAAAAAAAAAAAAAAAAAAAESs4NImvSLvwSLvwNImvESs4AAAAAAAAAAAAAAAAAAAAAAAAAAAAAAAAAAAAAAAAOCglr31076yf76yfr310OCglAAAAAAAAAAAAAAAAAAAAAAAAAAAAAAAAAAAAAAAAESs4NImvSLvwSLvwNImvESs4AAAAAAAAAAAAAAAAAAAAAAAAAAAAAAAAAAAAAAAANyckrHxz7Kmd7Kmdq3tyNCYjAAAAAAAAAAAAAAAAAAAAAAAAAAAAAAAAAAAAAAAAESs4NImvSLvwSLvwNImvESs4AAAAAAAAAAAAAAAAAAAAAAAAAAAAAAAAAAAAAAAANyclrHxz7Kmd7Kmdq3tyMyQiAAAAAAAAAAAAAAAAAAAAAAAAAAAAAAAAAAAAAAAAESs4NImvSLvwSLvwNImvESs4AAAAAAAAAAAAAAAADQkJKh4cOSkmOSkmJRsZBQQEMyUiq3px66mc6qicuYV7YEVAMyQiNCYjOCglOCglKh4cDQkJAAAAAAAAAAAAAAAAESs4NImvSLvwSLvwNImvESs4AAAAAAAAAAAAAAAAKh4cg15Xs4B3s4B3flpUIBcVLyEfqHlw6aeb6Kaa1pqOuYV7q3tyq3tyr310sH91g15XKh4cAAAAAAAAAAAAAAAAESw5NYuySb7zSb7zNYuyESw5AAAAAAAAAAAAAAAAOSkms4B39K+i86+ivol/YUZAYEVAuoZ86qic6aeb6Kaa6qic66mc6aeb7aqd8K2gs4B3OSkmAAAAAAAAAAAAAAAAESw5NoyzSb/1Sb/1NoyzESw5AAAAAAAAAAAAAAAAOSkms4B38q6h8a2g3Z+Tvol/vYh+2p2R6qib6aeb6aeb66mc6qic6Kaa66mc8Kygs4B3OSkmAAAAAAAAAAAAAAAADSEqKGiFNo62No62KGiFDSEqAAAAAAAAAAAAAAAAKh4cg15XsH91r310rn1zsH91sH91rn1zrHxyrHxzq3tyq3tyu4Z82pyR3J6Sv4l/gV1WKR0bAAAAAAAAAAAAAAAABAoNDSEqES06ES06DSEqBAoNAAAAAAAAAAAAAAAADQkJKh4cOCglOCglOCglOSkmOSkmOCglNyckNyckNCUjMyQiZEhDwouBwoyBZklEJRsZCwgHAAAAAAAAAAAAAAAAAAAAAAAAAAAAAAAAAAAAAAAAAAAAAAAAAAAAAAAAAAAAAAAAAAAAAAAAAAAAAAAAAAAAAAAAAAAAAAAAAAAAAAAAKB0bhmBZhWBZKB0bAAAAAAAAAAAAAAAAAAAAAAAAAAAAAAAAAAAAAAAAAAAAAAAAAAAAAAAAAAAAAAAAAAAAAAAAAAAAAAAAAAAAAAAAAAAAAAAAAAAAAAAAAAAAAAAADAgIKh4cKh4cCwgIAAAAAAAAAAAAAAAAAAAAAAAAAAAAAAAAAAAAAAAAAAAAAAAAAAAAAAAAAAAAAAAAAAAAAAAAAAAAAAAAAAAAAAAAAAAAAAAAAAAAAAAAAAAAAAAAAAAAAAAAAAAAAAAAAAAAAAAAAAAA",
    "3": "AAAAAAAAAAAAAAAAAAAAAAAAAAAAAAAAAAAAAAAAAAAAAAAAAAAAAAAAAAAAAAAAAAAAAAAAAAAAAAAAAAAAAAAAAAAAAAAAAAAAAAAAAAAAAAAAAAAAAAAAAAAAAAAAAAAAAAAAAAAAAAAAAAAAAAAAAAAAAAAAAAAAAAAAAAAAAAAAAAAAAAAAAAAAAAAAAAAAAAAAAAAAAAAAAAAAAAAAAAAAAAAAAAAAAAAAAAAAAAAAAAAAAAAAAAAAAAAAAAAAAAAAAAAAAAAAAAAAAAAAAAAAAAAAAAAAAAAAAAAAAAAAAAAAAAAAAAAAAAAAAAAAAAAAAAAAAAAAAAAAAAAAAAAAAAAAAAAAAAAAAAAAAAAAAAAAAAAAAAAAAAAAAAAAAAAAAAAAAAAAAAAAAAAAAAAAAAAAAAAADQkLKRwkOCYwNyUwNiUvNiUvNiUvNiUvNiUvNiUvNiUvNiUvNiUvNiUvNyUwOCYwKRwkDQkLAAAAAAAAAAAAAAAAAAAAAAAAAAAAAAAAAAAAAAAAAAAAAAAAAAAAAAAAKRwkgVhwr3aXrXWVq3OTq3OTq3OTq3OTq3OTq3OTq3OTq3OTq3OTq3OTrXWVr3aXgldwKRwkAAAAAAAAAAAAAAAAAAAAAAAAAAAAAAAABAoNDSEqES06ES06CR8nAAcJOCUvsneY8KHO7aDM6p7J6p7J6p7J6p7J6p7J6p7J6p7J6p7J6Z3J55zH6p7J7J/Lr3aXOCYwAAAAAAAAAAAAAAAAAAAAAAAAAAAAAAAADSEqKGiFNo62No62JGWCBx0mOCMssnWW8aHO7qDM6p7J6p7J6p7J6p7J6p7J6p7J6p7J6p7K6J3I5pvG6JzI6p7JrXWVNyUwAAAAAAAAAAAAAAAAAAAAAAAAAAAAAAAAESw5NoyzSb/1Sb/1M4qxDSo2KBceglRssXWWrnWVq3OTq3OTq3OTq3OTq3OTq3OTqnOSqXKSuHye1I+35pvG55zHq3OTNiUvAAAAAAAAAAAAAAAAAAAAAAAAAAAAAAAAESw5NYuySb7zSb7zNIqxECs3DAUGKRkgOCUwNyUvNiUvNiUvNiUvNiUvNiUvNiUvNCMtMiIrX0FSuHye6J3I6Z3Jq3OTNiUvAAAAAAAAAAAAAAAAAAAAAAAAAAAAAAAAESs4NImvSLvwSLvwNImvESw4AAAAAAAAAAAAAAAAAAAAAAAAAAAAAAAAAAAAAAAAAAAAAAAAMiIrqXKS6p7K6p7Jq3OTNiUvAAAAAAAAAAAAAAAAAAAAAAAAAAAAAAAAESs4NImvSLvwSLvwNImvESs4AAAAAAAAAAAAAAAAAAAAAAAAAAAAAAAAAAAAAAAAAAAAAAAANCMtqnOS6p7J6p7Jq3OTNiUvAAAAAAAAAAAAAAAAAAAAAAAAAAAAAAAAESs4NImvSLvwSLvwNImvESs4AAAAAAAAAAAAAAAAAAAAAAAAAAAAAAAAAAAAAAAAAAAAAAAANyUwrXWV7aDM7aDMrXWVNyUwAAAAAAAAAAAAAAAAAAAAAAAAAAAAAAAAESs4NImvSLvwSLvwNImvESs4AAAAAAAAAAAAAAAAAAAAAAAAAAAAAAAAAAAAAAAAAAAAAAAAOCYwr3aX76LO76LOr3aXOCYwAAAAAAAAAAAAAAAAAAAAAAAAAAAAAAAAESs4NImvSLvwSLvwNImvESs4AAAAAAAAAAAAAAAAAAAAAAAAAAAAAAAAAAAAAAAAAAAAAAAAKRwkgldwsXiZsXiZgldwKRwkAAAAAAAAAAAAAAAAAAAAAAAAAAAAAAAAESs4NImvSLvwSLvwNImvESs4AAAAAAAAAAAAAAAAAAAAAAAAAAAAAAAAAAAAAAAAAAAAAAAADQkLKRwkOCYxOCYxKRwkDQkLAAAAAAAAAAAAAAAAAAAAAAAAAAAAAAAAESs4NImvSLvwSLvwNImvESs4AAAAAAAAAAAAAAAAAAAAAAAAAAAAAAAAAAAAAAAAAAAAAAAAAAAAAAAAAAAAAAAAAAAAAAAAAAAAAAAAAAAAAAAAAAAAAAAAAAAAAAAAESs4NImvSLvwSLvwNImvESs4AAAAAAAAAAAAAAAAAAAAAAAAAAAAAAAAAAAAAAAAAAAAAAAAAAAAAAAAAAAAAAAAAAAAAAAAAAAAAAAAAAAAAAAAAAAAAAAAAAAAAAAAESs4NImvSLvwSLvwNImvESs4AAAAAAAAAAAAAAAAAAAAAAAAAAAAAAAAAAAAAAAADQkJKh4cOSkmOSkmKh4cDQkJAAAAAAAAAAAAAAAAAAAAAAAAAAAAAAAAAAAAAAAAESs4NImvSLvwSLvwNImvESs4AAAAAAAAAAAAAAAAAAAAAAAAAAAAAAAAAAAAAAAAKh4cg15Xs4B3s4B3g15XKh4cAAAAAAAAAAAAAAAAAAAAAAAAAAAAAAAAAAAAAAAAESs4NImvSLvwSLvwNImvESs4AAAAAAAAAAAAAAAAAAAAAAAAAAAAAAAAAAAAAAAAOCglsH918a2g8a2gsH91OCglAAAAAAAAAAAAAAAAAAAAAAAAAAAAAAAAAAAAAAAAESs4NImvSLvwSLvwNImvESs4AAAAAAAAAAAAAAAAAAAAAAAAAAAAAAAAAAAAAAAAOCglr31076yf76yfr310OCglAAAAAAAAAAAAAAAAAAAAAAAAAAAAAAAAAAAAAAAAESs4NImvSLvwSLvwNImvESs4AAAAAAAAAAAAAAAAAAAAAAAAAAAAAAAAAAAAAAAANyckrHxz7Kmd7Kmdq3tyNCYjAAAAAAAAAAAAAAAAAAAAAAAAAAAAAAAAAAAAAAAAESs4NImvSLvwSLvwNImvESs4AAAAAAAAAAAAAAAAAAAAAAAAAAAAAAAAAAAAAAAANyclrHxz7Kmd7Kmdq3tyMyQiAAAAAAAAAAAAAAAAAAAAAAAAAAAAAAAAAAAAAAAAESs4NImvSLvwSLvwNImvESs4AAAAAAAAAAAAAAAADQkJKh4cOSkmOSkmJRsZBQQEMyUiq3px66mc6qicuYV7YEVAMyQiNCYjOCglOCglKh4cDQkJAAAAAAAAAAAAAAAAESs4NImvSLvwSLvwNImvESs4AAAAAAAAAAAAAAAAKh4cg15Xs4B3s4B3flpUIBcVLyEfqHlw6aeb6Kaa1pqOuYV7q3tyq3tyr310sH91g15XKh4cAAAAAAAAAAAAAAAAESw5NYuySb7zSb7zNYuyESw5AAAAAAAAAAAAAAAAOSkms4B39K+i86+ivol/YUZAYEVAuoZ86qic6aeb6Kaa6qic66mc6aeb7aqd8K2gs4B3OSkmAAAAAAAAAAAAAAAAESw5NoyzSb/1Sb/1NoyzESw5AAAAAAAAAAAAAAAAOSkms4B38q6h8a2g3Z+Tvol/vYh+2p2R6qib6aeb6aeb66mc6qic6Kaa66mc8Kygs4B3OSkmAAAAAAAAAAAAAAAADSEqKGiFNo62No62KGiFDSEqAAAAAAAAAAAAAAAAKh4cg15XsH91r310rn1zsH91sH91rn1zrHxyrHxzq3tyq3tyu4Z82pyR3J6Sv4l/gV1WKR0bAAAAAAAAAAAAAAAABAoNDSEqES06ES06DSEqBAoNAAAAAAAAAAAAAAAADQkJKh4cOCglOCglOCglOSkmOSkmOCglNyckNyckNCUjMyQiZEhDwouBwoyBZklEJRsZCwgHAAAAAAAAAAAAAAAAAAAAAAAAAAAAAAAAAAAAAAAAAAAAAAAAAAAAAAAAAAAAAAAAAAAAAAAAAAAAAAAAAAAAAAAAAAAAAAAAAAAAAAAAKB0bhmBZhWBZKB0bAAAAAAAAAAAAAAAAAAAAAAAAAAAAAAAAAAAAAAAAAAAAAAAAAAAAAAAAAAAAAAAAAAAAAAAAAAAAAAAAAAAAAAAAAAAAAAAAAAAAAAAAAAAAAAAADAgIKh4cKh4cCwgIAAAAAAAAAAAAAAAAAAAAAAAAAAAAAAAAAAAAAAAAAAAAAAAAAAAAAAAAAAAAAAAAAAAAAAAAAAAAAAAAAAAAAAAAAAAAAAAAAAAAAAAAAAAAAAAAAAAAAAAAAAAAAAAAAAAAAAAAAAAA"
  }
}